---
source: crates/biome_grit_patterns/tests/spec_tests.rs
expression: functionMatchesAsync
---
# Target code

```ts
function foo() {}
function bar(){}
async function foo(){}

```


# Query

```grit
`function foo() {}`

```


# Matches

1:1-1:18
function foo() {}

3:1-3:23
async function foo(){}


# Snapshot result

SnapshotResult {
    messages: [],
    matched_ranges: [
        "1:1-1:18",
        "3:1-3:23",
    ],
    rewritten_files: [],
    created_files: [],
}
