---
source: crates/biome_grit_patterns/tests/spec_tests.rs
expression: identifier
---
# Target code

```ts

function foo() {
	const bar = 1;

	const baz = {
		bar: "another one"
	};
}

export type Foo = {
	bar: number;
};

```


# Query

```grit
`bar`

```


# Matches

3:8-3:11
bar = 1;

6:3-6:6
bar: "another one"

11:2-11:5
bar: number;


# Snapshot result

SnapshotResult {
    messages: [],
    matched_ranges: [
        "3:8-3:11",
        "6:3-6:6",
        "11:2-11:5",
    ],
    rewritten_files: [],
    created_files: [],
}
